{
  "magic": 21578050,
  "nref": 1,
  "refs": [
    {
      "nbins": 6,
      "bins": [
        {
          "bin": 585,
          "nchunks": 3,
          "chunks": [
            {
              "start": 7718991074,
              "end": 7718995784
            },
            {
              "start": 16003843006,
              "end": 16003845366
            },
            {
              "start": 23629657195,
              "end": 24274668345
            }
          ]
        },
        {
          "bin": 4681,
          "nchunks": 1,
          "chunks": [
            {
              "start": 4521984,
              "end": 7718991074
            }
          ]
        },
        {
          "bin": 4682,
          "nchunks": 1,
          "chunks": [
            {
              "start": 7718995784,
              "end": 16003843006
            }
          ]
        },
        {
          "bin": 4683,
          "nchunks": 1,
          "chunks": [
            {
              "start": 16003845366,
              "end": 23629657195
            }
          ]
        },
        {
          "bin": 4684,
          "nchunks": 1,
          "chunks": [
            {
              "start": 24274668345,
              "end": 24274697865
            }
          ]
        },
        {
          "bin": 37450,
          "nchunks": 2,
          "chunks": [
            {
              "start": 4521984,
              "end": 24274697865
            },
            {
              "start": 9596,
              "end": 0
            }
          ]
        }
      ]
    }
  ]
}