// Vitest Snapshot v1, https://vitest.dev/guide/snapshot.html

exports[`check ecoli header and records 1`] = `
[
  {
    "data": [
      {
        "tag": "VN",
        "value": "1.3",
      },
    ],
    "tag": "HD",
  },
  {
    "data": [
      {
        "tag": "SN",
        "value": "ref000001|chr",
      },
      {
        "tag": "LN",
        "value": "4639675",
      },
      {
        "tag": "M5",
        "value": "05dc7a37701cdc6bcf154344a227983d",
      },
    ],
    "tag": "SQ",
  },
  {
    "data": [
      {
        "tag": "ID",
        "value": "343cd2783e",
      },
      {
        "tag": "SM",
        "value": "c100278822550000001523007907041295",
      },
      {
        "tag": "PU",
        "value": "m120131_103014_sidney_c100278822550000001523007907041295_s1_p0",
      },
      {
        "tag": "PL",
        "value": "PacBio_RS",
      },
      {
        "tag": "DT",
        "value": "2012-01-31T10:30:14",
      },
    ],
    "tag": "RG",
  },
  {
    "data": [
      {
        "tag": "ID",
        "value": "/mnt/secondary/Smrtanalysis/opt/smrtanalysis/analysis/bin/SAMIO.py",
      },
      {
        "tag": "VN",
        "value": "1.2.0.SF",
      },
      {
        "tag": "CL",
        "value": "-b -o /mnt/secondary/Smrtanalysis/opt/smrtanalysis/common/jobs/034/034822/data/aligned_reads.sam -p /mnt/secondary/Smrtanalysis/opt/smrtanalysis/common/references/ecoli /mnt/secondary/Smrtanalysis/opt/smrtanalysis/common/jobs/034/034822/data/aligned_reads.cmp.h5",
      },
    ],
    "tag": "PG",
  },
  {
    "data": [
      {
        "tag": "READS",
        "value": "39496",
      },
    ],
    "tag": "CO",
  },
]
`;

exports[`check ecoli header and records 2`] = `
[
  {
    "fileOffset": 6645730,
  },
  {
    "fileOffset": 6647152,
  },
  {
    "fileOffset": 6649116,
  },
  {
    "fileOffset": 6651523,
  },
  {
    "fileOffset": 6655211,
  },
  {
    "fileOffset": 6658886,
  },
  {
    "fileOffset": 6666142,
  },
  {
    "fileOffset": 6673752,
  },
  {
    "fileOffset": 6682819,
  },
  {
    "fileOffset": 6691689,
  },
  {
    "fileOffset": 13886185,
  },
  {
    "fileOffset": 13898957,
  },
  {
    "fileOffset": 13899467,
  },
  {
    "fileOffset": 13906392,
  },
  {
    "fileOffset": 13913893,
  },
  {
    "fileOffset": 13917686,
  },
  {
    "fileOffset": 13922994,
  },
  {
    "fileOffset": 13926392,
  },
  {
    "fileOffset": 13934351,
  },
]
`;

exports[`deep check 1000 genomes bai 1`] = `
[
  {
    "fileOffset": 636682,
  },
]
`;

exports[`deep check volvox-sorted.bam 1`] = `
[
  {
    "fileOffset": 2501248,
  },
  {
    "fileOffset": 2501501,
  },
]
`;

exports[`large indexcov human 1000g 1`] = `
[
  {
    "end": 16384,
    "score": 0,
    "start": 0,
  },
  {
    "end": 32768,
    "score": 0,
    "start": 16384,
  },
  {
    "end": 49152,
    "score": 43.23452166175142,
    "start": 32768,
  },
  {
    "end": 65536,
    "score": 181.43355010894746,
    "start": 49152,
  },
  {
    "end": 81920,
    "score": 724.9031224884259,
    "start": 65536,
  },
  {
    "end": 98304,
    "score": 545.3441148607548,
    "start": 81920,
  },
  {
    "end": 114688,
    "score": 726.0019922188293,
    "start": 98304,
  },
  {
    "end": 131072,
    "score": 747.2868218707595,
    "start": 114688,
  },
  {
    "end": 147456,
    "score": 733.1492625661585,
    "start": 131072,
  },
  {
    "end": 163840,
    "score": 758.2662849753776,
    "start": 147456,
  },
  {
    "end": 180224,
    "score": 928.4064091995916,
    "start": 163840,
  },
  {
    "end": 196608,
    "score": 1631.636865660651,
    "start": 180224,
  },
  {
    "end": 212992,
    "score": 731.4594040731853,
    "start": 196608,
  },
  {
    "end": 229376,
    "score": 918.9228864002284,
    "start": 212992,
  },
  {
    "end": 245760,
    "score": 919.9755851335559,
    "start": 229376,
  },
  {
    "end": 262144,
    "score": 905.8472600283702,
    "start": 245760,
  },
  {
    "end": 278528,
    "score": 905.9765388201823,
    "start": 262144,
  },
  {
    "end": 294912,
    "score": 556.9607377250186,
    "start": 278528,
  },
  {
    "end": 311296,
    "score": 925.553041580309,
    "start": 294912,
  },
  {
    "end": 327680,
    "score": 737.6370834819234,
    "start": 311296,
  },
  {
    "end": 344064,
    "score": 913.6963295312512,
    "start": 327680,
  },
  {
    "end": 360448,
    "score": 940.9095152077102,
    "start": 344064,
  },
  {
    "end": 376832,
    "score": 747.6377214485353,
    "start": 360448,
  },
  {
    "end": 393216,
    "score": 727.3317169346114,
    "start": 376832,
  },
  {
    "end": 409600,
    "score": 541.825884883581,
    "start": 393216,
  },
  {
    "end": 425984,
    "score": 722.2898440539374,
    "start": 409600,
  },
  {
    "end": 442368,
    "score": 729.040043826415,
    "start": 425984,
  },
  {
    "end": 458752,
    "score": 736.3350613643867,
    "start": 442368,
  },
  {
    "end": 475136,
    "score": 911.9603000412022,
    "start": 458752,
  },
  {
    "end": 491520,
    "score": 733.3524149532919,
    "start": 475136,
  },
  {
    "end": 507904,
    "score": 745.7262421695984,
    "start": 491520,
  },
  {
    "end": 524288,
    "score": 739.9733359339574,
    "start": 507904,
  },
  {
    "end": 540672,
    "score": 724.6260965059713,
    "start": 524288,
  },
  {
    "end": 557056,
    "score": 746.6404279116987,
    "start": 540672,
  },
  {
    "end": 573440,
    "score": 735.7440726018168,
    "start": 557056,
  },
  {
    "end": 589824,
    "score": 903.012360807918,
    "start": 573440,
  },
  {
    "end": 606208,
    "score": 920.2895479136712,
    "start": 589824,
  },
  {
    "end": 622592,
    "score": 549.7303595829529,
    "start": 606208,
  },
  {
    "end": 638976,
    "score": 734.0542141088437,
    "start": 622592,
  },
  {
    "end": 655360,
    "score": 748.3856916011628,
    "start": 638976,
  },
  {
    "end": 671744,
    "score": 907.9434232956102,
    "start": 655360,
  },
  {
    "end": 688128,
    "score": 748.4687993958992,
    "start": 671744,
  },
  {
    "end": 704512,
    "score": 744.0363836766252,
    "start": 688128,
  },
  {
    "end": 720896,
    "score": 745.6339001754468,
    "start": 704512,
  },
  {
    "end": 737280,
    "score": 733.7587197275587,
    "start": 720896,
  },
  {
    "end": 753664,
    "score": 915.7740243996609,
    "start": 737280,
  },
  {
    "end": 770048,
    "score": 743.842465488907,
    "start": 753664,
  },
  {
    "end": 786432,
    "score": 738.3850536345509,
    "start": 770048,
  },
  {
    "end": 802816,
    "score": 730.7945417152943,
    "start": 786432,
  },
  {
    "end": 819200,
    "score": 741.6170234298548,
    "start": 802816,
  },
  {
    "end": 835584,
    "score": 722.7977250217708,
    "start": 819200,
  },
  {
    "end": 851968,
    "score": 750.4818548684027,
    "start": 835584,
  },
  {
    "end": 868352,
    "score": 741.4969788374578,
    "start": 851968,
  },
  {
    "end": 884736,
    "score": 743.2237741280916,
    "start": 868352,
  },
  {
    "end": 901120,
    "score": 730.6929655217275,
    "start": 884736,
  },
  {
    "end": 917504,
    "score": 912.0157052376932,
    "start": 901120,
  },
  {
    "end": 933888,
    "score": 920.9267076733169,
    "start": 917504,
  },
  {
    "end": 950272,
    "score": 735.2269574345682,
    "start": 933888,
  },
  {
    "end": 966656,
    "score": 917.6485668809371,
    "start": 950272,
  },
  {
    "end": 983040,
    "score": 743.0575585386189,
    "start": 966656,
  },
  {
    "end": 999424,
    "score": 739.7147783503331,
    "start": 983040,
  },
  {
    "end": 1015808,
    "score": 739.3084735760663,
    "start": 999424,
  },
]
`;

exports[`loads volvox-sorted.bam 1`] = `
[
  {
    "end": 16384,
    "score": 3132.8408055269733,
    "start": 0,
  },
  {
    "end": 32768,
    "score": 3364.491059715608,
    "start": 16384,
  },
  {
    "end": 49152,
    "score": 3096.8317529169985,
    "start": 32768,
  },
]
`;

exports[`long tag list 1`] = `
{
  "AS": 1794,
  "CV": 99.56829833984375,
  "ID": 78190,
  "KB": 96.84300231933594,
  "MD": "37^G130^T6^T1^T17^T44T13^C118^G24^A2C24^G14G12^G70^A8^G25^T5^G10^G79^G6^T28^G22C15^C2^G22^A1^G56C15T28^G16^C18^G12^G18A58G2^C21^G15^C24^C49^G17^C9C1^A7G23^A106C8^G16C20^C17^G6C81^CC14^C12^C30^T3^C11C6^CC20^C17T19^T16^C81",
  "NM": 286,
  "QE": 1853,
  "QS": 8,
  "SB": 96.84300231933594,
  "SV": 2,
  "XE": 1794,
  "XI": 0.8489000201225281,
  "XR": 1845,
  "XS": 0,
}
`;
