// Vitest Snapshot v1, https://vitest.dev/guide/snapshot.html

exports[`deep check 1000 genomes 1`] = `[]`;

exports[`deep check 1000 genomes csi 1`] = `[]`;
